{"time":"2024-11-28T20:14:19.911828395+05:00","level":"INFO","msg":"LogIn called","phone_number":"string"}
{"time":"2024-11-28T20:14:19.926547235+05:00","level":"ERROR","msg":"Login failed","phone_number":"string","error":"login failed: missing destination name user_id in *user.LogInResponse"}
{"time":"2024-11-28T20:17:04.966690898+05:00","level":"INFO","msg":"AddUser called","email":"string@gmail.com"}
{"time":"2024-11-28T20:17:06.491728+05:00","level":"INFO","msg":"User created successfully","user_id":"ea1b7d8c-d5ca-4c0a-a2a0-5ca6208be5d4"}
{"time":"2024-11-28T20:18:13.367525267+05:00","level":"INFO","msg":"AddUser called","email":"string@gmail.com"}
{"time":"2024-11-28T20:18:14.879913242+05:00","level":"ERROR","msg":"Failed to create user","error":"failed to create user: pq: duplicate key value violates unique constraint \"users_email_key\""}
{"time":"2024-11-28T20:18:17.557418614+05:00","level":"INFO","msg":"LogIn called","phone_number":"string"}
{"time":"2024-11-28T20:18:17.557805197+05:00","level":"ERROR","msg":"Login failed","phone_number":"string","error":"login failed: missing destination name user_id in *user.LogInResponse"}
{"time":"2024-11-28T20:18:20.05374612+05:00","level":"INFO","msg":"LogIn called","phone_number":"string"}
{"time":"2024-11-28T20:18:20.054265839+05:00","level":"ERROR","msg":"Login failed","phone_number":"string","error":"login failed: missing destination name user_id in *user.LogInResponse"}
{"time":"2024-11-28T20:20:41.32059954+05:00","level":"INFO","msg":"LogIn called","phone_number":"string"}
{"time":"2024-11-28T20:20:41.320901483+05:00","level":"ERROR","msg":"Login failed","phone_number":"string","error":"login failed: pq: got 4 parameters but the statement requires 0"}
{"time":"2024-11-28T20:21:31.420982983+05:00","level":"INFO","msg":"LogIn called","phone_number":"string"}
{"time":"2024-11-28T20:21:31.422074555+05:00","level":"INFO","msg":"Login successful","user_id":"ea1b7d8c-d5ca-4c0a-a2a0-5ca6208be5d4"}
{"time":"2024-11-28T20:21:39.833613584+05:00","level":"INFO","msg":"GetUserList called","filters":{}}
{"time":"2024-11-28T20:21:39.834330558+05:00","level":"ERROR","msg":"Failed to retrieve user list","error":"failed to list users: missing destination name user_id in *[]*user.UserResponse"}
{"time":"2024-11-28T20:26:00.655664782+05:00","level":"INFO","msg":"GetUserList called","filters":{}}
{"time":"2024-11-28T20:26:00.656694514+05:00","level":"INFO","msg":"User list retrieved successfully","count":1}
{"time":"2024-11-28T20:26:38.52754253+05:00","level":"INFO","msg":"GetUser called","user_id":"ea1b7d8c-d5ca-4c0a-a2a0-5ca6208be5d4"}
{"time":"2024-11-28T20:26:38.528069883+05:00","level":"ERROR","msg":"Failed to retrieve user","user_id":"ea1b7d8c-d5ca-4c0a-a2a0-5ca6208be5d4","error":"failed to get user: missing destination name user_id in *user.UserResponse"}
{"time":"2024-11-28T20:27:45.247502744+05:00","level":"INFO","msg":"GetUser called","user_id":"ea1b7d8c-d5ca-4c0a-a2a0-5ca6208be5d4"}
{"time":"2024-11-28T20:27:45.248404885+05:00","level":"ERROR","msg":"Failed to retrieve user","user_id":"ea1b7d8c-d5ca-4c0a-a2a0-5ca6208be5d4","error":"failed to get user: missing destination name user_id in *user.UserResponse"}
{"time":"2024-11-28T20:29:03.164231701+05:00","level":"INFO","msg":"GetUser called","user_id":"ea1b7d8c-d5ca-4c0a-a2a0-5ca6208be5d4"}
{"time":"2024-11-28T20:29:03.165285664+05:00","level":"INFO","msg":"User retrieved successfully","user_id":"ea1b7d8c-d5ca-4c0a-a2a0-5ca6208be5d4"}
{"time":"2024-11-28T20:29:14.365400362+05:00","level":"INFO","msg":"UpdateUser called","user_id":"ea1b7d8c-d5ca-4c0a-a2a0-5ca6208be5d4"}
{"time":"2024-11-28T20:29:14.371454843+05:00","level":"INFO","msg":"User updated successfully","user_id":"ea1b7d8c-d5ca-4c0a-a2a0-5ca6208be5d4"}
{"time":"2024-11-28T20:29:23.409569908+05:00","level":"INFO","msg":"DeleteUser called","user_id":"ea1b7d8c-d5ca-4c0a-a2a0-5ca6208be5d4"}
{"time":"2024-11-28T20:29:23.41552729+05:00","level":"INFO","msg":"User deleted successfully","message":"Deleted 1 user(s)"}
{"time":"2024-12-23T22:07:04.911584179+05:00","level":"INFO","msg":"AddUser called","email":"string"}
{"time":"2024-12-23T22:07:09.097054563+05:00","level":"INFO","msg":"User created successfully","user_id":"0de29a55-4c1e-4142-8def-2c6c6565020b"}
{"time":"2024-12-23T22:07:16.266005206+05:00","level":"INFO","msg":"LogIn called","phone_number":"string"}
{"time":"2024-12-23T22:07:20.33326165+05:00","level":"INFO","msg":"Login successful","user_id":"0de29a55-4c1e-4142-8def-2c6c6565020b"}
{"time":"2024-12-23T22:12:09.736617037+05:00","level":"INFO","msg":"AddUser called","email":"string1"}
{"time":"2024-12-23T22:12:13.956909688+05:00","level":"INFO","msg":"User created successfully","user_id":"146a061b-7109-4475-9820-71cd25aaa1df"}
{"time":"2024-12-23T22:12:25.872665207+05:00","level":"INFO","msg":"LogIn called","phone_number":"string1"}
{"time":"2024-12-23T22:12:29.900989627+05:00","level":"INFO","msg":"Login successful","user_id":"146a061b-7109-4475-9820-71cd25aaa1df"}
{"time":"2024-12-23T22:12:51.267638535+05:00","level":"INFO","msg":"CreateCompany called","request":{"name":"string","website":"string","user_id":"146a061b-7109-4475-9820-71cd25aaa1df"}}
{"time":"2024-12-23T22:12:51.271285285+05:00","level":"INFO","msg":"CreateCompany finished"}
{"time":"2024-12-23T22:28:45.166204802+05:00","level":"INFO","msg":"LogIn called","phone_number":"string1"}
{"time":"2024-12-23T22:28:49.172743234+05:00","level":"INFO","msg":"Login successful","user_id":"146a061b-7109-4475-9820-71cd25aaa1df"}
{"time":"2024-12-23T22:29:05.197086685+05:00","level":"INFO","msg":"CreateCompany called","request":{"name":"string","website":"string","user_id":"146a061b-7109-4475-9820-71cd25aaa1df"}}
{"time":"2024-12-23T22:29:05.200611266+05:00","level":"INFO","msg":"CreateCompany finished"}
{"time":"2024-12-23T22:29:20.823991451+05:00","level":"INFO","msg":"ListCompanies called","pagination":{"limit":10}}
{"time":"2024-12-23T22:29:20.825755494+05:00","level":"INFO","msg":"ListCompanies finished"}
{"time":"2024-12-23T22:29:37.339380594+05:00","level":"INFO","msg":"GetCompany called","company_id":"fbd3bfaf-cf20-4efb-bb29-34c00dea9af2"}
{"time":"2024-12-23T22:29:37.340243551+05:00","level":"INFO","msg":"GetCompany finished"}
{"time":"2024-12-23T22:29:54.812872063+05:00","level":"INFO","msg":"UpdateCompany called","company_id":"fbd3bfaf-cf20-4efb-bb29-34c00dea9af2"}
{"time":"2024-12-23T22:29:54.817110002+05:00","level":"INFO","msg":"UpdateCompany finished"}
{"time":"2024-12-23T22:30:06.933025135+05:00","level":"INFO","msg":"ListCompanyUsers called","company_id":"fbd3bfaf-cf20-4efb-bb29-34c00dea9af2"}
{"time":"2024-12-23T22:30:06.934372536+05:00","level":"INFO","msg":"ListCompanyUsers finished"}
{"time":"2024-12-23T22:30:16.693679133+05:00","level":"INFO","msg":"CreateUserToCompany called","request":{"first_name":"string","last_name":"string","username":"string","email":"string","password":"string","phone_number":"string","company_id":"fbd3bfaf-cf20-4efb-bb29-34c00dea9af2","role":"user"}}
{"time":"2024-12-23T22:30:20.923977107+05:00","level":"ERROR","msg":"Error creating user to company","error":"pq: duplicate key value violates unique constraint \"users_email_key\""}
{"time":"2024-12-23T22:30:37.57036751+05:00","level":"INFO","msg":"CreateUserToCompany called","request":{"first_name":"string2","last_name":"string3","username":"string3","email":"string2","password":"string","phone_number":"string3","company_id":"fbd3bfaf-cf20-4efb-bb29-34c00dea9af2","role":"user"}}
{"time":"2024-12-23T22:30:41.899909704+05:00","level":"INFO","msg":"CreateUserToCompany finished"}
{"time":"2024-12-23T22:30:50.281556378+05:00","level":"INFO","msg":"ListCompanyUsers called","company_id":"fbd3bfaf-cf20-4efb-bb29-34c00dea9af2"}
{"time":"2024-12-23T22:30:50.282445744+05:00","level":"INFO","msg":"ListCompanyUsers finished"}
{"time":"2024-12-23T22:47:29.457830963+05:00","level":"INFO","msg":"GetUser called","user_id":"e5290a96-b6f0-4f25-9cfa-a9514eb2c8c0"}
{"time":"2024-12-23T22:47:29.458851945+05:00","level":"INFO","msg":"User retrieved successfully","user_id":"e5290a96-b6f0-4f25-9cfa-a9514eb2c8c0"}
{"time":"2024-12-23T22:47:46.53774822+05:00","level":"INFO","msg":"LogIn called","phone_number":"string3"}
{"time":"2024-12-23T22:47:50.362005678+05:00","level":"ERROR","msg":"Login failed","phone_number":"string3","error":null}
{"time":"2024-12-23T22:47:57.364424221+05:00","level":"INFO","msg":"LogIn called","phone_number":"string"}
{"time":"2024-12-23T22:48:01.404710355+05:00","level":"ERROR","msg":"Login failed","phone_number":"string","error":null}
{"time":"2024-12-23T22:48:05.480555951+05:00","level":"INFO","msg":"LogIn called","phone_number":"string2"}
{"time":"2024-12-23T22:48:05.481397651+05:00","level":"ERROR","msg":"Login failed","phone_number":"string2","error":"login failed: sql: no rows in result set"}
{"time":"2024-12-23T22:48:23.123483373+05:00","level":"INFO","msg":"LogIn called","phone_number":"string3"}
{"time":"2024-12-23T22:48:27.109359472+05:00","level":"INFO","msg":"Login successful","user_id":"e5290a96-b6f0-4f25-9cfa-a9514eb2c8c0"}
{"time":"2025-01-06T18:54:50.715027335+05:00","level":"INFO","msg":"CreateClient called","full_name":"kimdur"}
{"time":"2025-01-06T18:54:50.727359159+05:00","level":"INFO","msg":"Client created successfully","client_id":"ab195c5f-f6c0-4cde-8b7e-037583b91f15"}
{"time":"2025-01-06T18:57:04.00865472+05:00","level":"INFO","msg":"GetClientList called","filters":{"client_type":"client","company_id":"cdb8a9c6-00d2-444e-9ab5-e4cb66a8c6d4"}}
{"time":"2025-01-06T18:57:04.015275459+05:00","level":"INFO","msg":"Client list retrieved successfully","count":0}
{"time":"2025-01-06T18:57:56.078807526+05:00","level":"INFO","msg":"GetClientList called","filters":{"client_type":"street","company_id":"cdb8a9c6-00d2-444e-9ab5-e4cb66a8c6d4"}}
{"time":"2025-01-06T18:57:56.080685473+05:00","level":"INFO","msg":"Client list retrieved successfully","count":1}
{"time":"2025-01-06T18:58:06.185820389+05:00","level":"INFO","msg":"GetClientList called","filters":{"client_type":"client","company_id":"cdb8a9c6-00d2-444e-9ab5-e4cb66a8c6d4"}}
{"time":"2025-01-06T18:58:06.186775508+05:00","level":"INFO","msg":"Client list retrieved successfully","count":0}
{"time":"2025-01-11T14:11:19.846326201+05:00","level":"INFO","msg":"RegisterAdmin called","!BADKEY":"phone_number"}
{"time":"2025-01-11T14:11:24.063597008+05:00","level":"ERROR","msg":"Failed to register admin","error":"failed to add admin: pq: inconsistent types deduced for parameter $6"}
{"time":"2025-01-11T14:12:16.121742875+05:00","level":"INFO","msg":"RegisterAdmin called","!BADKEY":"phone_number"}
{"time":"2025-01-11T14:12:20.165125684+05:00","level":"ERROR","msg":"Failed to register admin","error":"failed to add admin: pq: insert or update on table \"users\" violates foreign key constraint \"users_company_id_fkey\""}
{"time":"2025-01-11T14:14:26.31143634+05:00","level":"INFO","msg":"RegisterAdmin called","!BADKEY":"phone_number"}
{"time":"2025-01-11T14:14:30.373368122+05:00","level":"ERROR","msg":"Failed to register admin","error":"failed to create user: pq: insert or update on table \"users\" violates foreign key constraint \"users_company_id_fkey\""}
{"time":"2025-01-11T14:17:58.457476682+05:00","level":"INFO","msg":"RegisterAdmin called","!BADKEY":"phone_number"}
{"time":"2025-01-11T14:18:02.800828795+05:00","level":"INFO","msg":"Admin registered successfully","message":"Admin added successfully"}
{"time":"2025-01-11T14:18:32.331000038+05:00","level":"INFO","msg":"LogIn called","phone_number":"admin"}
{"time":"2025-01-11T14:18:36.974341345+05:00","level":"ERROR","msg":"Login failed","phone_number":"admin","error":null}
{"time":"2025-01-11T14:20:19.36435947+05:00","level":"INFO","msg":"LogIn called","phone_number":"admin"}
{"time":"2025-01-11T14:20:23.949802497+05:00","level":"ERROR","msg":"Login failed","phone_number":"admin","error":null}
{"time":"2025-01-11T14:21:34.058015506+05:00","level":"INFO","msg":"RegisterAdmin called","!BADKEY":"phone_number"}
{"time":"2025-01-11T14:21:39.126212353+05:00","level":"ERROR","msg":"Failed to register admin","error":"failed to create user: pq: duplicate key value violates unique constraint \"users_email_key\""}
{"time":"2025-01-11T14:24:25.496623738+05:00","level":"INFO","msg":"RegisterAdmin called","!BADKEY":"phone_number"}
{"time":"2025-01-11T14:24:29.910239304+05:00","level":"INFO","msg":"Admin registered successfully","message":"Admin added successfully"}
{"time":"2025-01-11T14:24:38.467328784+05:00","level":"INFO","msg":"LogIn called","phone_number":"admin"}
{"time":"2025-01-11T14:24:43.222263958+05:00","level":"INFO","msg":"Login successful","user_id":"a0bf5093-fbae-439e-9a78-775ef06c0f5b"}
{"time":"2025-01-11T14:25:04.145656768+05:00","level":"INFO","msg":"CreateBranch called","request":{"name":"string","address":"string","phone_number":"string","company_id":"8de761a0-e6d9-44c6-8861-ebf9d1351515"}}
{"time":"2025-01-11T14:25:04.146652895+05:00","level":"ERROR","msg":"Error creating branch","error":"failed to create branch: pq: column \"phone_number\" of relation \"branches\" does not exist"}
{"time":"2025-01-11T14:25:50.684796808+05:00","level":"INFO","msg":"CreateBranch called","request":{"name":"string","address":"string","phone_number":"string","company_id":"8de761a0-e6d9-44c6-8861-ebf9d1351515"}}
{"time":"2025-01-11T14:25:50.685372624+05:00","level":"ERROR","msg":"Error creating branch","error":"failed to create branch: pq: column \"phone_number\" of relation \"branches\" does not exist"}
{"time":"2025-01-11T14:26:14.026732859+05:00","level":"INFO","msg":"CreateBranch called","request":{"name":"string","address":"string","phone_number":"string","company_id":"8de761a0-e6d9-44c6-8861-ebf9d1351515"}}
{"time":"2025-01-11T14:26:14.027889176+05:00","level":"ERROR","msg":"Error creating branch","error":"failed to create branch: pq: column \"phone_number\" does not exist"}
{"time":"2025-01-11T14:26:40.703536841+05:00","level":"INFO","msg":"CreateBranch called","request":{"name":"string","address":"string","phone_number":"string","company_id":"8de761a0-e6d9-44c6-8861-ebf9d1351515"}}
{"time":"2025-01-11T14:26:40.708334559+05:00","level":"INFO","msg":"CreateBranch finished"}
{"time":"2025-01-11T14:27:49.071779685+05:00","level":"INFO","msg":"ListBranches called","pagination":{"company_id":"8de761a0-e6d9-44c6-8861-ebf9d1351515","page":1}}
{"time":"2025-01-11T14:27:49.072566872+05:00","level":"ERROR","msg":"Error listing branches","error":"failed to list branches: pq: column \"phone_number\" does not exist"}
{"time":"2025-01-11T14:28:51.707952456+05:00","level":"INFO","msg":"ListBranches called","pagination":{"company_id":"8de761a0-e6d9-44c6-8861-ebf9d1351515","page":1}}
{"time":"2025-01-11T14:28:51.710774143+05:00","level":"ERROR","msg":"Error listing branches","error":"failed to list branches: missing destination name branch_id in *[]*company.BranchResponse"}
{"time":"2025-01-11T14:28:57.593710155+05:00","level":"INFO","msg":"ListBranches called","pagination":{"company_id":"8de761a0-e6d9-44c6-8861-ebf9d1351515","limit":10,"page":1}}
{"time":"2025-01-11T14:28:57.594805958+05:00","level":"ERROR","msg":"Error listing branches","error":"failed to list branches: missing destination name branch_id in *[]*company.BranchResponse"}
{"time":"2025-01-11T14:31:07.282132225+05:00","level":"INFO","msg":"ListBranches called","pagination":{"company_id":"8de761a0-e6d9-44c6-8861-ebf9d1351515","limit":10,"page":1}}
{"time":"2025-01-11T14:31:07.284845324+05:00","level":"ERROR","msg":"Error listing branches","error":"failed to execute query: pq: column \"phone_number\" does not exist"}
{"time":"2025-01-11T14:31:15.784697174+05:00","level":"INFO","msg":"ListBranches called","pagination":{"company_id":"8de761a0-e6d9-44c6-8861-ebf9d1351515","limit":10,"page":1}}
{"time":"2025-01-11T14:31:15.785463948+05:00","level":"ERROR","msg":"Error listing branches","error":"failed to execute query: pq: column \"phone_number\" does not exist"}
{"time":"2025-01-11T14:31:25.286447492+05:00","level":"INFO","msg":"ListBranches called","pagination":{"company_id":"8de761a0-e6d9-44c6-8861-ebf9d1351515","limit":10,"page":1}}
{"time":"2025-01-11T14:31:25.289163464+05:00","level":"INFO","msg":"ListBranches finished"}
{"time":"2025-01-11T14:31:33.206989832+05:00","level":"INFO","msg":"ListBranches called","pagination":{"company_id":"8de761a0-e6d9-44c6-8861-ebf9d1351515","limit":10}}
{"time":"2025-01-11T14:31:33.207882079+05:00","level":"ERROR","msg":"Error listing branches","error":"failed to execute query: pq: OFFSET must not be negative"}
{"time":"2025-01-11T14:31:45.666267333+05:00","level":"INFO","msg":"ListBranches called","pagination":{"company_id":"8de761a0-e6d9-44c6-8861-ebf9d1351515","limit":10,"page":1}}
{"time":"2025-01-11T14:31:45.666939645+05:00","level":"INFO","msg":"ListBranches finished"}
{"time":"2025-01-11T14:32:04.532674204+05:00","level":"INFO","msg":"GetBranch called","branch_id":"0de7c9b6-8b4b-4ab4-a05a-e9ca10a7c57d"}
{"time":"2025-01-11T14:32:04.533284186+05:00","level":"INFO","msg":"GetBranch finished"}
{"time":"2025-01-11T14:32:26.474583953+05:00","level":"INFO","msg":"UpdateBranch called","branch_id":"0de7c9b6-8b4b-4ab4-a05a-e9ca10a7c57d"}
{"time":"2025-01-11T14:32:26.478727757+05:00","level":"INFO","msg":"UpdateBranch finished"}
{"time":"2025-01-11T14:32:33.008212817+05:00","level":"INFO","msg":"GetBranch called","branch_id":"0de7c9b6-8b4b-4ab4-a05a-e9ca10a7c57d"}
{"time":"2025-01-11T14:32:33.008992463+05:00","level":"INFO","msg":"GetBranch finished"}
{"time":"2025-01-11T14:32:41.411330718+05:00","level":"INFO","msg":"DeleteBranch called","branch_id":"0de7c9b6-8b4b-4ab4-a05a-e9ca10a7c57d"}
{"time":"2025-01-11T14:32:41.411773934+05:00","level":"ERROR","msg":"Error deleting branch","error":"failed to delete branch: pq: column \"deleted_at\" is of type bigint but expression is of type timestamp with time zone"}
{"time":"2025-01-11T14:35:14.940762157+05:00","level":"INFO","msg":"DeleteBranch called","branch_id":"0de7c9b6-8b4b-4ab4-a05a-e9ca10a7c57d"}
{"time":"2025-01-11T14:35:14.941440748+05:00","level":"ERROR","msg":"Error deleting branch","error":"failed to delete branch: pq: column \"deleted_at\" is of type bigint but expression is of type timestamp with time zone"}
{"time":"2025-01-11T14:35:47.411466475+05:00","level":"INFO","msg":"DeleteBranch called","branch_id":"0de7c9b6-8b4b-4ab4-a05a-e9ca10a7c57d"}
{"time":"2025-01-11T14:35:47.420247115+05:00","level":"INFO","msg":"DeleteBranch finished"}
{"time":"2025-01-11T14:38:22.4016085+05:00","level":"INFO","msg":"ListBranches called","pagination":{"company_id":"8de761a0-e6d9-44c6-8861-ebf9d1351515","limit":10,"page":1}}
{"time":"2025-01-11T14:38:22.40287449+05:00","level":"INFO","msg":"ListBranches finished"}
{"time":"2025-01-11T14:40:05.981354543+05:00","level":"INFO","msg":"ListBranches called","pagination":{"company_id":"8de761a0-e6d9-44c6-8861-ebf9d1351515","limit":10,"page":1}}
{"time":"2025-01-11T14:40:05.983970621+05:00","level":"INFO","msg":"ListBranches finished"}
{"time":"2025-01-11T22:35:14.844876216+05:00","level":"INFO","msg":"LogIn called","phone_number":"admin"}
{"time":"2025-01-11T22:35:19.61611656+05:00","level":"INFO","msg":"Login successful","user_id":"a0bf5093-fbae-439e-9a78-775ef06c0f5b"}
{"time":"2025-01-11T22:36:07.533338615+05:00","level":"INFO","msg":"ListBranches called","pagination":{"company_id":"8de761a0-e6d9-44c6-8861-ebf9d1351515","limit":10,"page":1}}
{"time":"2025-01-11T22:36:07.542971784+05:00","level":"INFO","msg":"ListBranches finished"}
{"time":"2025-01-11T22:36:15.954154222+05:00","level":"INFO","msg":"ListBranches called","pagination":{"company_id":"8de761a0-e6d9-44c6-8861-ebf9d1351515","limit":10,"page":1}}
{"time":"2025-01-11T22:36:15.955068717+05:00","level":"INFO","msg":"ListBranches finished"}
{"time":"2025-01-11T22:36:25.623492309+05:00","level":"INFO","msg":"CreateBranch called","request":{"name":"string","address":"string","phone_number":"string","company_id":"8de761a0-e6d9-44c6-8861-ebf9d1351515"}}
{"time":"2025-01-11T22:36:25.629815047+05:00","level":"INFO","msg":"CreateBranch finished"}
{"time":"2025-01-11T22:36:30.507511933+05:00","level":"INFO","msg":"ListBranches called","pagination":{"company_id":"8de761a0-e6d9-44c6-8861-ebf9d1351515","limit":10,"page":1}}
{"time":"2025-01-11T22:36:30.508537304+05:00","level":"INFO","msg":"ListBranches finished"}
{"time":"2025-02-05T17:00:26.135453095+05:00","level":"INFO","msg":"CreateCompanyBalance called","request":{"company_id":"cdb8a9c6-00d2-444e-9ab5-e4cb66a8c6d4","balance":10}}
{"time":"2025-02-05T17:00:26.937092926+05:00","level":"ERROR","msg":"Error creating company balance","error":"failed to create balance: pq: relation \"company_balance\" does not exist"}
{"time":"2025-02-05T17:03:03.547343081+05:00","level":"INFO","msg":"CreateCompanyBalance called","request":{"company_id":"cdb8a9c6-00d2-444e-9ab5-e4cb66a8c6d4","balance":10}}
{"time":"2025-02-05T17:03:03.869268017+05:00","level":"INFO","msg":"CreateCompanyBalance finished"}
{"time":"2025-02-05T17:05:28.759369174+05:00","level":"INFO","msg":"UpdateCompanyBalance called","company_id":"cdb8a9c6-00d2-444e-9ab5-e4cb66a8c6d4"}
{"time":"2025-02-05T17:05:29.065961729+05:00","level":"INFO","msg":"UpdateCompanyBalance finished"}
{"time":"2025-02-05T17:05:35.859355862+05:00","level":"INFO","msg":"UpdateCompanyBalance called","company_id":"cdb8a9c6-00d2-444e-9ab5-e4cb66a8c6d4"}
{"time":"2025-02-05T17:05:36.147569345+05:00","level":"INFO","msg":"UpdateCompanyBalance finished"}
{"time":"2025-02-05T17:05:48.183787206+05:00","level":"INFO","msg":"GetUsersBalanceList called","limit":5}
{"time":"2025-02-05T17:05:48.475611812+05:00","level":"INFO","msg":"GetUsersBalanceList finished"}
{"time":"2025-03-26T18:06:07.026746602+05:00","level":"INFO","msg":"Login successful","user_id":"3917a3a3-cc6a-4854-b844-c0a9c7b7e88f"}
{"time":"2025-03-26T18:06:42.290951876+05:00","level":"INFO","msg":"ListCompanyUsers called","company_id":"5e47d37c-9a46-4d8a-8a09-7bb92eef7e07"}
{"time":"2025-03-26T18:06:42.846361233+05:00","level":"INFO","msg":"ListCompanyUsers finished"}
{"time":"2025-03-26T18:11:06.696852459+05:00","level":"INFO","msg":"ListCompanyUsers called","company_id":"5e47d37c-9a46-4d8a-8a09-7bb92eef7e07"}
{"time":"2025-03-26T18:11:07.281961503+05:00","level":"INFO","msg":"ListCompanyUsers finished"}
{"time":"2025-03-26T18:13:18.903689503+05:00","level":"INFO","msg":"created salary to worker","result":{"salary_id":"128bd588-7cf5-46c1-bcad-c15163bbf560","user_id":"3917a3a3-cc6a-4854-b844-c0a9c7b7e88f","currency_code":"UZS","amount":7000000,"salary_date":"2024-12-27","created_at":"2025-03-26T13:13:19.385125Z","updated_at":"2025-03-26T13:13:19.385125Z"}}
{"time":"2025-03-26T19:55:39.132259641+05:00","level":"ERROR","msg":"Error in create salary to worker","error":"pq: invalid input syntax for type uuid: \"string\""}
{"time":"2025-03-26T23:20:36.524556169+05:00","level":"INFO","msg":"list salaries to worker","result":{}}
{"time":"2025-03-26T23:21:37.484362104+05:00","level":"INFO","msg":"list salaries to worker","result":{"salaries":[{"salary_id":"128bd588-7cf5-46c1-bcad-c15163bbf560","user_id":"3917a3a3-cc6a-4854-b844-c0a9c7b7e88f","first_name":"string","last_name":"string","phone_number":"string","currency_code":"UZS","amount":7000000,"salary_date":"2024-12-27T00:00:00Z","company_id":"5e47d37c-9a46-4d8a-8a09-7bb92eef7e07"}]}}
{"time":"2025-03-26T23:27:13.285791666+05:00","level":"INFO","msg":"updated salary to worker","result":{"salary_id":"128bd588-7cf5-46c1-bcad-c15163bbf560","currency_code":"USD","amount":1000,"salary_date":"2024-12-10","updated_at":"2025-03-26T18:27:13.762024Z"}}
{"time":"2025-03-26T23:32:54.72513937+05:00","level":"INFO","msg":"created adjustment to worker","result":{"adjustment_id":"a2ed6965-1246-4348-9367-b487d1dafbd0","user_id":"3917a3a3-cc6a-4854-b844-c0a9c7b7e88f","adjustment_type":"bonus","currency_code":"USD","amount":500,"adjustment_date":"2024-12-27","created_at":"2025-03-26T18:32:55.194486Z","updated_at":"2025-03-26T18:32:55.194486Z","company_id":"5e47d37c-9a46-4d8a-8a09-7bb92eef7e07"}}
{"time":"2025-03-26T23:33:49.830568953+05:00","level":"INFO","msg":"list salaries to worker","result":{"salaries":[{"salary_id":"128bd588-7cf5-46c1-bcad-c15163bbf560","user_id":"3917a3a3-cc6a-4854-b844-c0a9c7b7e88f","first_name":"string","last_name":"string","phone_number":"string","currency_code":"USD","amount":1000,"salary_date":"2024-12-10T00:00:00Z","company_id":"5e47d37c-9a46-4d8a-8a09-7bb92eef7e07"},{"user_id":"ceae8827-ff3b-435d-a118-483e8196256e","first_name":"Bekzod","last_name":"Xoliqov","phone_number":"+998907116087","company_id":"efe801d4-5088-4774-bf3f-03081a8f454b"},{"user_id":"1a63f643-d54a-44b2-9238-011f83460c66","first_name":"Nosirbek","last_name":"Ismoilov","phone_number":"+998996791619","company_id":"cdb8a9c6-00d2-444e-9ab5-e4cb66a8c6d4"},{"user_id":"a45a09b7-0394-41b1-ad72-bdb42b81bcee","first_name":"Sherzodbek","phone_number":"998919258700","company_id":"e6102021-cea9-4305-a940-9b6a54b821e4"},{"user_id":"e308fec1-7289-4dbc-84c8-ead1d3d8bae8","first_name":"admin","last_name":"admin","phone_number":"admin","company_id":"e6102021-cea9-4305-a940-9b6a54b821e4"},{"user_id":"f4bd1a30-6007-4681-aa8d-eda9d301ada4","first_name":"Muxriddin","last_name":"Arifov","phone_number":"+998919234441","company_id":"5c208b77-8da4-436f-9fee-b2ad77354912"},{"user_id":"1dc1ddae-f2c9-49a5-b391-adb2fa56ca05","first_name":"Sherzodbek","last_name":" ","phone_number":"+998994266661","company_id":"f6177b73-8b3f-4cae-90ac-169d83ad846b"},{"user_id":"7593bc1d-ce1a-4195-aa73-e1f4f4b79b19","first_name":"BUNYOD","last_name":"XASANOV","phone_number":"+998938860600","company_id":"540e8197-e45b-46f7-8798-bf6e75570832"},{"user_id":"44df6f5f-f666-43cc-9232-74bd38f52da6","first_name":"Abdurahmon","last_name":"Safarov","phone_number":"+998912438848","company_id":"794b6fce-7333-493b-a2fe-f7143e6ce37b"},{"user_id":"f4832177-c301-4914-97f2-beaff22a7c9a","first_name":"user","last_name":"user","phone_number":"99","company_id":"efe801d4-5088-4774-bf3f-03081a8f454b"},{"user_id":"c8c0679d-6b07-402c-94ed-b22881b845b8","first_name":"Mirjalol","last_name":"Flutter","phone_number":"+998505538364","company_id":"09433125-0939-4e47-a826-0a5c2a7462a3"},{"user_id":"0c802eda-bc05-427f-a0d5-2514fb465e27","first_name":"Azizbek","last_name":"Fatullayev","phone_number":"+998907457593","company_id":"540e8197-e45b-46f7-8798-bf6e75570832"}]}}
{"time":"2025-03-26T23:36:07.829387317+05:00","level":"ERROR","msg":"Error in list adjustments to worker","error":"ListAdjustments scan: sql: expected 14 destination arguments in Scan, not 13"}
{"time":"2025-03-26T23:36:39.469823748+05:00","level":"INFO","msg":"list adjustments to worker","result":{"adjustments":[{"adjustment_id":"a2ed6965-1246-4348-9367-b487d1dafbd0","user_id":"3917a3a3-cc6a-4854-b844-c0a9c7b7e88f","first_name":"string","last_name":"string","phone_number":"string","adjustment_type":"bonus","currency_code":"USD","amount":500,"adjustment_date":"2024-12-27T00:00:00Z","is_active":"true","created_at":"2025-03-26 18:32:55","updated_at":"2025-03-26 18:32:55","company_id":"5e47d37c-9a46-4d8a-8a09-7bb92eef7e07"}]}}
{"time":"2025-03-29T17:50:14.333749305+05:00","level":"INFO","msg":"GetClient called","client_id":"60c032d6-e403-4eac-a1f5-ab6a8c436bb4"}
{"time":"2025-03-29T17:50:14.675145996+05:00","level":"INFO","msg":"Client retrieved successfully","client_id":"60c032d6-e403-4eac-a1f5-ab6a8c436bb4"}
{"time":"2025-03-29T17:50:14.676714509+05:00","level":"INFO","msg":"GetClient called","client_id":"f8dbb69e-9d36-4f91-ad04-92cb3b33c274"}
{"time":"2025-03-29T17:50:14.993142331+05:00","level":"INFO","msg":"Client retrieved successfully","client_id":"f8dbb69e-9d36-4f91-ad04-92cb3b33c274"}
{"time":"2025-03-29T17:50:14.994357362+05:00","level":"INFO","msg":"GetClient called","client_id":"fde52a71-deca-422f-bd44-d7e1bf265201"}
{"time":"2025-03-29T17:50:15.290270701+05:00","level":"INFO","msg":"Client retrieved successfully","client_id":"fde52a71-deca-422f-bd44-d7e1bf265201"}
{"time":"2025-03-29T17:51:39.553494727+05:00","level":"INFO","msg":"GetClient called","client_id":"60c032d6-e403-4eac-a1f5-ab6a8c436bb4"}
{"time":"2025-03-29T17:51:39.890409129+05:00","level":"INFO","msg":"Client retrieved successfully","client_id":"60c032d6-e403-4eac-a1f5-ab6a8c436bb4"}
{"time":"2025-03-29T17:51:39.892302616+05:00","level":"INFO","msg":"GetClient called","client_id":"f8dbb69e-9d36-4f91-ad04-92cb3b33c274"}
{"time":"2025-03-29T17:51:40.263400065+05:00","level":"INFO","msg":"Client retrieved successfully","client_id":"f8dbb69e-9d36-4f91-ad04-92cb3b33c274"}
{"time":"2025-03-29T17:51:40.265027022+05:00","level":"INFO","msg":"GetClient called","client_id":"fde52a71-deca-422f-bd44-d7e1bf265201"}
{"time":"2025-03-29T17:51:40.663491376+05:00","level":"INFO","msg":"Client retrieved successfully","client_id":"fde52a71-deca-422f-bd44-d7e1bf265201"}
{"time":"2025-03-29T17:55:07.02117823+05:00","level":"INFO","msg":"GetClient called","client_id":"60c032d6-e403-4eac-a1f5-ab6a8c436bb4"}
{"time":"2025-03-29T17:55:07.317707313+05:00","level":"INFO","msg":"Client retrieved successfully","client_id":"60c032d6-e403-4eac-a1f5-ab6a8c436bb4"}
{"time":"2025-03-29T17:55:07.319101976+05:00","level":"INFO","msg":"GetClient called","client_id":"f8dbb69e-9d36-4f91-ad04-92cb3b33c274"}
{"time":"2025-03-29T17:55:07.622442564+05:00","level":"INFO","msg":"Client retrieved successfully","client_id":"f8dbb69e-9d36-4f91-ad04-92cb3b33c274"}
{"time":"2025-03-29T17:55:07.623719744+05:00","level":"INFO","msg":"GetClient called","client_id":"fde52a71-deca-422f-bd44-d7e1bf265201"}
{"time":"2025-03-29T17:55:07.93301551+05:00","level":"INFO","msg":"Client retrieved successfully","client_id":"fde52a71-deca-422f-bd44-d7e1bf265201"}
{"time":"2025-03-29T17:57:46.437221644+05:00","level":"INFO","msg":"GetClient called","client_id":"60c032d6-e403-4eac-a1f5-ab6a8c436bb4"}
{"time":"2025-03-29T17:57:46.696396906+05:00","level":"INFO","msg":"Client retrieved successfully","client_id":"60c032d6-e403-4eac-a1f5-ab6a8c436bb4"}
{"time":"2025-03-29T17:57:46.697880671+05:00","level":"INFO","msg":"GetClient called","client_id":"f8dbb69e-9d36-4f91-ad04-92cb3b33c274"}
{"time":"2025-03-29T17:57:46.974418222+05:00","level":"INFO","msg":"Client retrieved successfully","client_id":"f8dbb69e-9d36-4f91-ad04-92cb3b33c274"}
{"time":"2025-03-29T17:57:46.975501827+05:00","level":"INFO","msg":"GetClient called","client_id":"fde52a71-deca-422f-bd44-d7e1bf265201"}
{"time":"2025-03-29T17:57:47.216366899+05:00","level":"INFO","msg":"Client retrieved successfully","client_id":"fde52a71-deca-422f-bd44-d7e1bf265201"}
{"time":"2025-03-29T18:02:22.18366965+05:00","level":"INFO","msg":"GetClient called","client_id":"60c032d6-e403-4eac-a1f5-ab6a8c436bb4"}
{"time":"2025-03-29T18:02:22.489752498+05:00","level":"INFO","msg":"Client retrieved successfully","client_id":"60c032d6-e403-4eac-a1f5-ab6a8c436bb4"}
{"time":"2025-03-29T18:02:22.491327165+05:00","level":"INFO","msg":"GetClient called","client_id":"f8dbb69e-9d36-4f91-ad04-92cb3b33c274"}
{"time":"2025-03-29T18:02:22.769646341+05:00","level":"INFO","msg":"Client retrieved successfully","client_id":"f8dbb69e-9d36-4f91-ad04-92cb3b33c274"}
{"time":"2025-03-29T18:02:22.771055483+05:00","level":"INFO","msg":"GetClient called","client_id":"fde52a71-deca-422f-bd44-d7e1bf265201"}
{"time":"2025-03-29T18:02:23.049842831+05:00","level":"INFO","msg":"Client retrieved successfully","client_id":"fde52a71-deca-422f-bd44-d7e1bf265201"}
{"time":"2025-03-29T18:07:17.77380632+05:00","level":"INFO","msg":"GetClient called","client_id":"60c032d6-e403-4eac-a1f5-ab6a8c436bb4"}
{"time":"2025-03-29T18:07:18.569666341+05:00","level":"INFO","msg":"Client retrieved successfully","client_id":"60c032d6-e403-4eac-a1f5-ab6a8c436bb4"}
{"time":"2025-03-29T18:07:18.57072459+05:00","level":"INFO","msg":"GetClient called","client_id":"f8dbb69e-9d36-4f91-ad04-92cb3b33c274"}
{"time":"2025-03-29T18:07:18.81763313+05:00","level":"INFO","msg":"Client retrieved successfully","client_id":"f8dbb69e-9d36-4f91-ad04-92cb3b33c274"}
{"time":"2025-03-29T18:07:18.818746484+05:00","level":"INFO","msg":"GetClient called","client_id":"fde52a71-deca-422f-bd44-d7e1bf265201"}
{"time":"2025-03-29T18:07:19.093466792+05:00","level":"INFO","msg":"Client retrieved successfully","client_id":"fde52a71-deca-422f-bd44-d7e1bf265201"}
{"time":"2025-03-29T18:17:31.744532318+05:00","level":"INFO","msg":"GetClient called","client_id":"60c032d6-e403-4eac-a1f5-ab6a8c436bb4"}
{"time":"2025-03-29T18:17:32.015229323+05:00","level":"INFO","msg":"Client retrieved successfully","client_id":"60c032d6-e403-4eac-a1f5-ab6a8c436bb4"}
{"time":"2025-03-29T18:17:32.01584597+05:00","level":"INFO","msg":"GetClient called","client_id":"f8dbb69e-9d36-4f91-ad04-92cb3b33c274"}
{"time":"2025-03-29T18:17:32.289380944+05:00","level":"INFO","msg":"Client retrieved successfully","client_id":"f8dbb69e-9d36-4f91-ad04-92cb3b33c274"}
{"time":"2025-03-29T18:17:32.29040084+05:00","level":"INFO","msg":"GetClient called","client_id":"fde52a71-deca-422f-bd44-d7e1bf265201"}
{"time":"2025-03-29T18:17:32.574190665+05:00","level":"INFO","msg":"Client retrieved successfully","client_id":"fde52a71-deca-422f-bd44-d7e1bf265201"}
{"time":"2025-03-29T18:18:14.897891194+05:00","level":"INFO","msg":"GetClient called","client_id":"60c032d6-e403-4eac-a1f5-ab6a8c436bb4"}
{"time":"2025-03-29T18:18:15.176100638+05:00","level":"INFO","msg":"Client retrieved successfully","client_id":"60c032d6-e403-4eac-a1f5-ab6a8c436bb4"}
{"time":"2025-03-29T18:18:15.176905293+05:00","level":"INFO","msg":"GetClient called","client_id":"f8dbb69e-9d36-4f91-ad04-92cb3b33c274"}
{"time":"2025-03-29T18:18:15.455417236+05:00","level":"INFO","msg":"Client retrieved successfully","client_id":"f8dbb69e-9d36-4f91-ad04-92cb3b33c274"}
{"time":"2025-03-29T18:18:15.456607017+05:00","level":"INFO","msg":"GetClient called","client_id":"fde52a71-deca-422f-bd44-d7e1bf265201"}
{"time":"2025-03-29T18:18:15.731432848+05:00","level":"INFO","msg":"Client retrieved successfully","client_id":"fde52a71-deca-422f-bd44-d7e1bf265201"}
{"time":"2025-03-29T18:21:53.836356503+05:00","level":"INFO","msg":"GetClient called","client_id":"60c032d6-e403-4eac-a1f5-ab6a8c436bb4"}
{"time":"2025-03-29T18:21:54.131254185+05:00","level":"INFO","msg":"Client retrieved successfully","client_id":"60c032d6-e403-4eac-a1f5-ab6a8c436bb4"}
{"time":"2025-03-29T18:21:54.132724916+05:00","level":"INFO","msg":"GetClient called","client_id":"f8dbb69e-9d36-4f91-ad04-92cb3b33c274"}
{"time":"2025-03-29T18:21:54.4088899+05:00","level":"INFO","msg":"Client retrieved successfully","client_id":"f8dbb69e-9d36-4f91-ad04-92cb3b33c274"}
{"time":"2025-03-29T18:21:54.40965541+05:00","level":"INFO","msg":"GetClient called","client_id":"fde52a71-deca-422f-bd44-d7e1bf265201"}
{"time":"2025-03-29T18:21:54.658851138+05:00","level":"INFO","msg":"Client retrieved successfully","client_id":"fde52a71-deca-422f-bd44-d7e1bf265201"}
{"time":"2025-03-29T18:24:35.308334011+05:00","level":"INFO","msg":"GetClient called","client_id":"f8dbb69e-9d36-4f91-ad04-92cb3b33c274"}
{"time":"2025-03-29T18:24:35.576499684+05:00","level":"INFO","msg":"Client retrieved successfully","client_id":"f8dbb69e-9d36-4f91-ad04-92cb3b33c274"}
{"time":"2025-03-29T18:25:47.99713519+05:00","level":"INFO","msg":"GetClient called","client_id":"60c032d6-e403-4eac-a1f5-ab6a8c436bb4"}
{"time":"2025-03-29T18:25:48.258575371+05:00","level":"INFO","msg":"Client retrieved successfully","client_id":"60c032d6-e403-4eac-a1f5-ab6a8c436bb4"}
{"time":"2025-03-29T18:25:48.260265265+05:00","level":"INFO","msg":"GetClient called","client_id":"fde52a71-deca-422f-bd44-d7e1bf265201"}
{"time":"2025-03-29T18:25:48.529383781+05:00","level":"INFO","msg":"Client retrieved successfully","client_id":"fde52a71-deca-422f-bd44-d7e1bf265201"}
{"time":"2025-03-29T20:58:25.871397272+05:00","level":"INFO","msg":"list salaries to worker","result":{"salaries":[{"salary_id":"128bd588-7cf5-46c1-bcad-c15163bbf560","user_id":"3917a3a3-cc6a-4854-b844-c0a9c7b7e88f","first_name":"string","last_name":"string","phone_number":"string","currency_code":"USD","amount":1000,"salary_date":"2024-12-10T00:00:00Z","company_id":"5e47d37c-9a46-4d8a-8a09-7bb92eef7e07"},{"salary_id":"48558559-8e38-4225-bcc2-d136932e73fc","user_id":"3917a3a3-cc6a-4854-b844-c0a9c7b7e88f","first_name":"string","last_name":"string","phone_number":"string","currency_code":"UZS","amount":100,"salary_date":"2025-03-26T00:00:00Z","company_id":"5e47d37c-9a46-4d8a-8a09-7bb92eef7e07"},{"salary_id":"afbbb7b2-677a-4d34-8b17-5e2fab1a0b10","user_id":"3917a3a3-cc6a-4854-b844-c0a9c7b7e88f","first_name":"string","last_name":"string","phone_number":"string","currency_code":"UZS","amount":100,"salary_date":"2025-03-31T00:00:00Z","company_id":"5e47d37c-9a46-4d8a-8a09-7bb92eef7e07"},{"salary_id":"b900b0c6-981d-43ac-a500-718b6327387f","user_id":"3917a3a3-cc6a-4854-b844-c0a9c7b7e88f","first_name":"string","last_name":"string","phone_number":"string","currency_code":"UZS","amount":100,"salary_date":"2025-03-31T00:00:00Z","company_id":"5e47d37c-9a46-4d8a-8a09-7bb92eef7e07"},{"salary_id":"3a88a156-3240-44c9-bbb0-1dfddc680e89","user_id":"3917a3a3-cc6a-4854-b844-c0a9c7b7e88f","first_name":"string","last_name":"string","phone_number":"string","currency_code":"UZS","amount":100,"salary_date":"2025-03-31T00:00:00Z","company_id":"5e47d37c-9a46-4d8a-8a09-7bb92eef7e07"},{"salary_id":"45ff3bbf-ca89-430b-be0d-2f9015e2c6a1","user_id":"3917a3a3-cc6a-4854-b844-c0a9c7b7e88f","first_name":"string","last_name":"string","phone_number":"string","currency_code":"UZS","amount":100,"salary_date":"2025-03-31T00:00:00Z","company_id":"5e47d37c-9a46-4d8a-8a09-7bb92eef7e07"},{"salary_id":"113a0e43-2276-4528-a770-112e2ff2c030","user_id":"3917a3a3-cc6a-4854-b844-c0a9c7b7e88f","first_name":"string","last_name":"string","phone_number":"string","currency_code":"UZS","amount":100,"salary_date":"2025-03-31T00:00:00Z","company_id":"5e47d37c-9a46-4d8a-8a09-7bb92eef7e07"},{"salary_id":"2caec9fb-a1d1-4e1c-98b3-b1adfdfe2d15","user_id":"3917a3a3-cc6a-4854-b844-c0a9c7b7e88f","first_name":"string","last_name":"string","phone_number":"string","currency_code":"USD","amount":111,"salary_date":"2025-03-31T00:00:00Z","company_id":"5e47d37c-9a46-4d8a-8a09-7bb92eef7e07"},{"salary_id":"f9e36d50-d2b5-4c37-b222-7c6572e3b171","user_id":"3917a3a3-cc6a-4854-b844-c0a9c7b7e88f","first_name":"string","last_name":"string","phone_number":"string","currency_code":"USD","amount":111,"salary_date":"2025-03-31T00:00:00Z","company_id":"5e47d37c-9a46-4d8a-8a09-7bb92eef7e07"},{"salary_id":"87ca26bb-0813-4af8-a5cd-e552bfe00c27","user_id":"3917a3a3-cc6a-4854-b844-c0a9c7b7e88f","first_name":"string","last_name":"string","phone_number":"string","currency_code":"USD","amount":111,"salary_date":"2025-03-31T00:00:00Z","company_id":"5e47d37c-9a46-4d8a-8a09-7bb92eef7e07"},{"salary_id":"f1d68dcc-fcce-4607-bbb1-4cf54433389f","user_id":"3917a3a3-cc6a-4854-b844-c0a9c7b7e88f","first_name":"string","last_name":"string","phone_number":"string","currency_code":"USD","amount":100,"salary_date":"2025-03-31T00:00:00Z","company_id":"5e47d37c-9a46-4d8a-8a09-7bb92eef7e07"},{"salary_id":"800e0467-b65e-46c2-93f2-6af7843762e0","user_id":"3917a3a3-cc6a-4854-b844-c0a9c7b7e88f","first_name":"string","last_name":"string","phone_number":"string","currency_code":"USD","amount":100,"salary_date":"2025-03-31T00:00:00Z","company_id":"5e47d37c-9a46-4d8a-8a09-7bb92eef7e07"},{"salary_id":"59539e7d-b780-47e0-830f-8719825fa12e","user_id":"3917a3a3-cc6a-4854-b844-c0a9c7b7e88f","first_name":"string","last_name":"string","phone_number":"string","currency_code":"UZS","amount":100,"salary_date":"2025-04-01T00:00:00Z","company_id":"5e47d37c-9a46-4d8a-8a09-7bb92eef7e07"},{"salary_id":"12cf0bdf-2f82-4cac-bff2-4336b5631eab","user_id":"3917a3a3-cc6a-4854-b844-c0a9c7b7e88f","first_name":"string","last_name":"string","phone_number":"string","currency_code":"UZS","amount":100,"salary_date":"2025-04-01T00:00:00Z","company_id":"5e47d37c-9a46-4d8a-8a09-7bb92eef7e07"},{"salary_id":"3f82416e-a259-4a39-8e90-99c9e0d52c83","user_id":"3917a3a3-cc6a-4854-b844-c0a9c7b7e88f","first_name":"string","last_name":"string","phone_number":"string","currency_code":"UZS","amount":100,"salary_date":"2025-04-01T00:00:00Z","company_id":"5e47d37c-9a46-4d8a-8a09-7bb92eef7e07"},{"salary_id":"b7752cb6-13a7-4d65-b7cb-092c24ca7240","user_id":"3917a3a3-cc6a-4854-b844-c0a9c7b7e88f","first_name":"string","last_name":"string","phone_number":"string","currency_code":"UZS","amount":100,"salary_date":"2025-04-01T00:00:00Z","company_id":"5e47d37c-9a46-4d8a-8a09-7bb92eef7e07"},{"salary_id":"0966636e-7d66-4f84-98c4-9dfdedd16dc6","user_id":"3917a3a3-cc6a-4854-b844-c0a9c7b7e88f","first_name":"string","last_name":"string","phone_number":"string","currency_code":"UZS","amount":100,"salary_date":"2025-04-01T00:00:00Z","company_id":"5e47d37c-9a46-4d8a-8a09-7bb92eef7e07"},{"salary_id":"3e7fca9f-5a38-4bbd-9f48-b379460897e7","user_id":"3917a3a3-cc6a-4854-b844-c0a9c7b7e88f","first_name":"string","last_name":"string","phone_number":"string","currency_code":"UZS","amount":100,"salary_date":"2025-04-01T00:00:00Z","company_id":"5e47d37c-9a46-4d8a-8a09-7bb92eef7e07"},{"salary_id":"f7fbe2f8-4d83-40bb-b21e-f83ef606796c","user_id":"3917a3a3-cc6a-4854-b844-c0a9c7b7e88f","first_name":"string","last_name":"string","phone_number":"string","currency_code":"UZS","amount":100,"salary_date":"2025-04-01T00:00:00Z","company_id":"5e47d37c-9a46-4d8a-8a09-7bb92eef7e07"},{"salary_id":"b3670822-d4bf-4801-a7a9-be36bfd9d946","user_id":"f64735e3-9c0a-4ddd-aa3d-3e5e44175ce9","first_name":"ndev","last_name":"ndev@gmail.com","phone_number":"ndev","currency_code":"UZS","amount":100,"salary_date":"2025-04-01T00:00:00Z","company_id":"5e47d37c-9a46-4d8a-8a09-7bb92eef7e07"},{"salary_id":"a4763347-8408-4e05-8e95-b16307fcc1d9","user_id":"f64735e3-9c0a-4ddd-aa3d-3e5e44175ce9","first_name":"ndev","last_name":"ndev@gmail.com","phone_number":"ndev","currency_code":"UZS","amount":100,"salary_date":"2025-04-01T00:00:00Z","company_id":"5e47d37c-9a46-4d8a-8a09-7bb92eef7e07"},{"salary_id":"c7ec2c69-b26d-4f7b-b642-24d9ce8ecd60","user_id":"3917a3a3-cc6a-4854-b844-c0a9c7b7e88f","first_name":"string","last_name":"string","phone_number":"string","currency_code":"UZS","amount":100,"salary_date":"2025-04-02T00:00:00Z","company_id":"5e47d37c-9a46-4d8a-8a09-7bb92eef7e07"},{"salary_id":"ecfe3ffd-7b22-4896-a829-d64a771dbcba","user_id":"3917a3a3-cc6a-4854-b844-c0a9c7b7e88f","first_name":"string","last_name":"string","phone_number":"string","currency_code":"UZS","amount":100,"salary_date":"2025-04-03T00:00:00Z","company_id":"5e47d37c-9a46-4d8a-8a09-7bb92eef7e07"},{"user_id":"ceae8827-ff3b-435d-a118-483e8196256e","first_name":"Bekzod","last_name":"Xoliqov","phone_number":"+998907116087","company_id":"efe801d4-5088-4774-bf3f-03081a8f454b"},{"user_id":"a45a09b7-0394-41b1-ad72-bdb42b81bcee","first_name":"Sherzodbek","phone_number":"998919258700","company_id":"e6102021-cea9-4305-a940-9b6a54b821e4"},{"user_id":"e308fec1-7289-4dbc-84c8-ead1d3d8bae8","first_name":"admin","last_name":"admin","phone_number":"admin","company_id":"e6102021-cea9-4305-a940-9b6a54b821e4"},{"user_id":"d5ba31d7-3192-415e-a11c-831a63785a47","first_name":"Abdulloh","last_name":"Azimov","phone_number":"+998946342553","company_id":"6a5cf60d-f36c-426d-80d7-15de8b39e097"},{"user_id":"f4bd1a30-6007-4681-aa8d-eda9d301ada4","first_name":"Muxriddin","last_name":"Arifov","phone_number":"+998919234441","company_id":"5c208b77-8da4-436f-9fee-b2ad77354912"},{"user_id":"0c802eda-bc05-427f-a0d5-2514fb465e27","first_name":"Azizbek","last_name":"Fatullayev","phone_number":"+998907457593","company_id":"540e8197-e45b-46f7-8798-bf6e75570832"},{"user_id":"7593bc1d-ce1a-4195-aa73-e1f4f4b79b19","first_name":"BUNYOD","last_name":"XASANOV","phone_number":"+998938860600","company_id":"540e8197-e45b-46f7-8798-bf6e75570832"},{"user_id":"44df6f5f-f666-43cc-9232-74bd38f52da6","first_name":"Abdurahmon","last_name":"Safarov","phone_number":"+998912438848","company_id":"794b6fce-7333-493b-a2fe-f7143e6ce37b"},{"user_id":"f4832177-c301-4914-97f2-beaff22a7c9a","first_name":"user","last_name":"user","phone_number":"99","company_id":"efe801d4-5088-4774-bf3f-03081a8f454b"},{"user_id":"c8c0679d-6b07-402c-94ed-b22881b845b8","first_name":"Mirjalol","last_name":"Flutter","phone_number":"+998505538364","company_id":"09433125-0939-4e47-a826-0a5c2a7462a3"},{"user_id":"1dc1ddae-f2c9-49a5-b391-adb2fa56ca05","first_name":"Sherzodbek","last_name":" ","phone_number":"+998994266661","company_id":"f6177b73-8b3f-4cae-90ac-169d83ad846b"},{"user_id":"2bdb356b-561f-4304-bf0c-60d6e9d6b108","first_name":"Ibrohim","last_name":"Ismatob","phone_number":"+998946911111","company_id":"6a5cf60d-f36c-426d-80d7-15de8b39e097"}]}}
{"time":"2025-03-29T20:59:18.038409334+05:00","level":"INFO","msg":"get salary by id to worker","result":{"salary_id":"128bd588-7cf5-46c1-bcad-c15163bbf560","user_id":"3917a3a3-cc6a-4854-b844-c0a9c7b7e88f","first_name":"string","last_name":"string","phone_number":"string","currency_code":"USD","amount":1000,"salary_date":"2024-12-10T00:00:00Z","created_at":"2025-03-26","updated_at":"2025-03-26","company_id":"5e47d37c-9a46-4d8a-8a09-7bb92eef7e07"}}
{"time":"2025-03-29T21:00:17.73554406+05:00","level":"INFO","msg":"list adjustments to worker","result":{"adjustments":[{"adjustment_id":"a2ed6965-1246-4348-9367-b487d1dafbd0","user_id":"3917a3a3-cc6a-4854-b844-c0a9c7b7e88f","first_name":"string","last_name":"string","phone_number":"string","adjustment_type":"bonus","currency_code":"USD","amount":500,"adjustment_date":"2024-12-27T00:00:00Z","is_active":"true","created_at":"2025-03-26 18:32:55","updated_at":"2025-03-26 18:32:55","company_id":"5e47d37c-9a46-4d8a-8a09-7bb92eef7e07"},{"adjustment_id":"d2251c2c-bf2c-4d9f-81e0-e334e9803955","user_id":"3917a3a3-cc6a-4854-b844-c0a9c7b7e88f","first_name":"string","last_name":"string","phone_number":"string","adjustment_type":"bonus","currency_code":"UZS","amount":100,"adjustment_date":"2025-04-01T00:00:00Z","is_active":"true","created_at":"2025-03-29 12:06:30","updated_at":"2025-03-29 12:06:30","company_id":"5e47d37c-9a46-4d8a-8a09-7bb92eef7e07"},{"adjustment_id":"e85fc68f-ee1d-4798-b95f-80c95645c9dc","user_id":"f64735e3-9c0a-4ddd-aa3d-3e5e44175ce9","first_name":"ndev","last_name":"ndev@gmail.com","phone_number":"ndev","adjustment_type":"bonus","currency_code":"USD","amount":100,"adjustment_date":"2025-03-31T00:00:00Z","is_active":"true","created_at":"2025-03-29 12:08:16","updated_at":"2025-03-29 12:08:16","company_id":"5e47d37c-9a46-4d8a-8a09-7bb92eef7e07"},{"adjustment_id":"8c03769f-a6f7-4325-8ea2-b75c00430062","user_id":"f64735e3-9c0a-4ddd-aa3d-3e5e44175ce9","first_name":"ndev","last_name":"ndev@gmail.com","phone_number":"ndev","adjustment_type":"bonus","currency_code":"UZS","amount":100,"adjustment_date":"2025-04-01T00:00:00Z","is_active":"true","created_at":"2025-03-29 12:09:36","updated_at":"2025-03-29 12:09:36","company_id":"5e47d37c-9a46-4d8a-8a09-7bb92eef7e07"}]}}
{"time":"2025-03-29T21:02:43.886623662+05:00","level":"INFO","msg":"list adjustments to worker","result":{"adjustments":[{"adjustment_id":"a2ed6965-1246-4348-9367-b487d1dafbd0","user_id":"3917a3a3-cc6a-4854-b844-c0a9c7b7e88f","first_name":"string","last_name":"string","phone_number":"string","adjustment_type":"bonus","currency_code":"USD","amount":500,"adjustment_date":"2024-12-27T00:00:00Z","is_active":"true","created_at":"2025-03-26 18:32:55","updated_at":"2025-03-26 18:32:55","company_id":"5e47d37c-9a46-4d8a-8a09-7bb92eef7e07"},{"adjustment_id":"d2251c2c-bf2c-4d9f-81e0-e334e9803955","user_id":"3917a3a3-cc6a-4854-b844-c0a9c7b7e88f","first_name":"string","last_name":"string","phone_number":"string","adjustment_type":"bonus","currency_code":"UZS","amount":100,"adjustment_date":"2025-04-01T00:00:00Z","is_active":"true","created_at":"2025-03-29 12:06:30","updated_at":"2025-03-29 12:06:30","company_id":"5e47d37c-9a46-4d8a-8a09-7bb92eef7e07"},{"adjustment_id":"e85fc68f-ee1d-4798-b95f-80c95645c9dc","user_id":"f64735e3-9c0a-4ddd-aa3d-3e5e44175ce9","first_name":"ndev","last_name":"ndev@gmail.com","phone_number":"ndev","adjustment_type":"bonus","currency_code":"USD","amount":100,"adjustment_date":"2025-03-31T00:00:00Z","is_active":"true","created_at":"2025-03-29 12:08:16","updated_at":"2025-03-29 12:08:16","company_id":"5e47d37c-9a46-4d8a-8a09-7bb92eef7e07"},{"adjustment_id":"8c03769f-a6f7-4325-8ea2-b75c00430062","user_id":"f64735e3-9c0a-4ddd-aa3d-3e5e44175ce9","first_name":"ndev","last_name":"ndev@gmail.com","phone_number":"ndev","adjustment_type":"bonus","currency_code":"UZS","amount":100,"adjustment_date":"2025-04-01T00:00:00Z","is_active":"true","created_at":"2025-03-29 12:09:36","updated_at":"2025-03-29 12:09:36","company_id":"5e47d37c-9a46-4d8a-8a09-7bb92eef7e07"}]}}
{"time":"2025-03-29T21:02:57.186453179+05:00","level":"ERROR","msg":"Error in get adjustment by id to worker","error":"GetAdjustmentByID: sql: expected 14 destination arguments in Scan, not 13"}
{"time":"2025-03-29T21:03:23.188536747+05:00","level":"INFO","msg":"get adjustment by id to worker","result":{"adjustment_id":"a2ed6965-1246-4348-9367-b487d1dafbd0","user_id":"3917a3a3-cc6a-4854-b844-c0a9c7b7e88f","first_name":"string","last_name":"string","phone_number":"string","adjustment_type":"bonus","currency_code":"USD","amount":500,"adjustment_date":"2024-12-27T00:00:00Z","is_active":"true","created_at":"2025-03-26 18:32:55","updated_at":"2025-03-26 18:32:55","company_id":"5e47d37c-9a46-4d8a-8a09-7bb92eef7e07"}}
{"time":"2025-03-29T21:25:34.529769001+05:00","level":"INFO","msg":"list salaries to worker","result":{"salaries":[{"salary_id":"a4763347-8408-4e05-8e95-b16307fcc1d9","user_id":"f64735e3-9c0a-4ddd-aa3d-3e5e44175ce9","first_name":"ndev","last_name":"ndev@gmail.com","phone_number":"ndev","currency_code":"UZS","amount":100,"salary_date":"2025-04-01T00:00:00Z","company_id":"5e47d37c-9a46-4d8a-8a09-7bb92eef7e07"},{"user_id":"0c802eda-bc05-427f-a0d5-2514fb465e27","first_name":"Azizbek","last_name":"Fatullayev","phone_number":"+998907457593","company_id":"540e8197-e45b-46f7-8798-bf6e75570832"},{"user_id":"1dc1ddae-f2c9-49a5-b391-adb2fa56ca05","first_name":"Sherzodbek","last_name":" ","phone_number":"+998994266661","company_id":"f6177b73-8b3f-4cae-90ac-169d83ad846b"},{"user_id":"2bdb356b-561f-4304-bf0c-60d6e9d6b108","first_name":"Ibrohim","last_name":"Ismatob","phone_number":"+998946911111","company_id":"6a5cf60d-f36c-426d-80d7-15de8b39e097"},{"user_id":"3917a3a3-cc6a-4854-b844-c0a9c7b7e88f","first_name":"string","last_name":"string","phone_number":"string","company_id":"5e47d37c-9a46-4d8a-8a09-7bb92eef7e07"},{"user_id":"44df6f5f-f666-43cc-9232-74bd38f52da6","first_name":"Abdurahmon","last_name":"Safarov","phone_number":"+998912438848","company_id":"794b6fce-7333-493b-a2fe-f7143e6ce37b"},{"user_id":"7593bc1d-ce1a-4195-aa73-e1f4f4b79b19","first_name":"BUNYOD","last_name":"XASANOV","phone_number":"+998938860600","company_id":"540e8197-e45b-46f7-8798-bf6e75570832"},{"user_id":"a45a09b7-0394-41b1-ad72-bdb42b81bcee","first_name":"Sherzodbek","phone_number":"998919258700","company_id":"e6102021-cea9-4305-a940-9b6a54b821e4"},{"user_id":"c8c0679d-6b07-402c-94ed-b22881b845b8","first_name":"Mirjalol","last_name":"Flutter","phone_number":"+998505538364","company_id":"09433125-0939-4e47-a826-0a5c2a7462a3"},{"user_id":"ceae8827-ff3b-435d-a118-483e8196256e","first_name":"Bekzod","last_name":"Xoliqov","phone_number":"+998907116087","company_id":"efe801d4-5088-4774-bf3f-03081a8f454b"},{"user_id":"d5ba31d7-3192-415e-a11c-831a63785a47","first_name":"Abdulloh","last_name":"Azimov","phone_number":"+998946342553","company_id":"6a5cf60d-f36c-426d-80d7-15de8b39e097"},{"user_id":"e308fec1-7289-4dbc-84c8-ead1d3d8bae8","first_name":"admin","last_name":"admin","phone_number":"admin","company_id":"e6102021-cea9-4305-a940-9b6a54b821e4"},{"user_id":"f4832177-c301-4914-97f2-beaff22a7c9a","first_name":"user","last_name":"user","phone_number":"99","company_id":"efe801d4-5088-4774-bf3f-03081a8f454b"},{"user_id":"f4bd1a30-6007-4681-aa8d-eda9d301ada4","first_name":"Muxriddin","last_name":"Arifov","phone_number":"+998919234441","company_id":"5c208b77-8da4-436f-9fee-b2ad77354912"}]}}
{"time":"2025-03-29T21:29:23.326529687+05:00","level":"INFO","msg":"list salaries to worker","result":{"salaries":[{"salary_id":"a4763347-8408-4e05-8e95-b16307fcc1d9","user_id":"f64735e3-9c0a-4ddd-aa3d-3e5e44175ce9","first_name":"ndev","last_name":"ndev@gmail.com","phone_number":"ndev","currency_code":"UZS","amount":100,"salary_date":"2025-04-01T00:00:00Z","company_id":"5e47d37c-9a46-4d8a-8a09-7bb92eef7e07"},{"user_id":"0c802eda-bc05-427f-a0d5-2514fb465e27","first_name":"Azizbek","last_name":"Fatullayev","phone_number":"+998907457593","company_id":"540e8197-e45b-46f7-8798-bf6e75570832"},{"user_id":"1dc1ddae-f2c9-49a5-b391-adb2fa56ca05","first_name":"Sherzodbek","last_name":" ","phone_number":"+998994266661","company_id":"f6177b73-8b3f-4cae-90ac-169d83ad846b"},{"user_id":"2bdb356b-561f-4304-bf0c-60d6e9d6b108","first_name":"Ibrohim","last_name":"Ismatob","phone_number":"+998946911111","company_id":"6a5cf60d-f36c-426d-80d7-15de8b39e097"},{"user_id":"3917a3a3-cc6a-4854-b844-c0a9c7b7e88f","first_name":"string","last_name":"string","phone_number":"string","company_id":"5e47d37c-9a46-4d8a-8a09-7bb92eef7e07"},{"user_id":"44df6f5f-f666-43cc-9232-74bd38f52da6","first_name":"Abdurahmon","last_name":"Safarov","phone_number":"+998912438848","company_id":"794b6fce-7333-493b-a2fe-f7143e6ce37b"},{"user_id":"7593bc1d-ce1a-4195-aa73-e1f4f4b79b19","first_name":"BUNYOD","last_name":"XASANOV","phone_number":"+998938860600","company_id":"540e8197-e45b-46f7-8798-bf6e75570832"},{"user_id":"a45a09b7-0394-41b1-ad72-bdb42b81bcee","first_name":"Sherzodbek","phone_number":"998919258700","company_id":"e6102021-cea9-4305-a940-9b6a54b821e4"},{"user_id":"c8c0679d-6b07-402c-94ed-b22881b845b8","first_name":"Mirjalol","last_name":"Flutter","phone_number":"+998505538364","company_id":"09433125-0939-4e47-a826-0a5c2a7462a3"},{"user_id":"ceae8827-ff3b-435d-a118-483e8196256e","first_name":"Bekzod","last_name":"Xoliqov","phone_number":"+998907116087","company_id":"efe801d4-5088-4774-bf3f-03081a8f454b"},{"user_id":"d5ba31d7-3192-415e-a11c-831a63785a47","first_name":"Abdulloh","last_name":"Azimov","phone_number":"+998946342553","company_id":"6a5cf60d-f36c-426d-80d7-15de8b39e097"},{"user_id":"e308fec1-7289-4dbc-84c8-ead1d3d8bae8","first_name":"admin","last_name":"admin","phone_number":"admin","company_id":"e6102021-cea9-4305-a940-9b6a54b821e4"},{"user_id":"f4832177-c301-4914-97f2-beaff22a7c9a","first_name":"user","last_name":"user","phone_number":"99","company_id":"efe801d4-5088-4774-bf3f-03081a8f454b"},{"user_id":"f4bd1a30-6007-4681-aa8d-eda9d301ada4","first_name":"Muxriddin","last_name":"Arifov","phone_number":"+998919234441","company_id":"5c208b77-8da4-436f-9fee-b2ad77354912"}]}}
{"time":"2025-03-29T21:34:06.876395043+05:00","level":"INFO","msg":"list salaries to worker","result":{"salaries":[{"user_id":"3917a3a3-cc6a-4854-b844-c0a9c7b7e88f","first_name":"string","last_name":"string","phone_number":"string","company_id":"5e47d37c-9a46-4d8a-8a09-7bb92eef7e07"},{"user_id":"f64735e3-9c0a-4ddd-aa3d-3e5e44175ce9","first_name":"ndev","last_name":"ndev@gmail.com","phone_number":"ndev","company_id":"5e47d37c-9a46-4d8a-8a09-7bb92eef7e07"}]}}
{"time":"2025-03-29T21:34:22.429146685+05:00","level":"INFO","msg":"list salaries to worker","result":{"salaries":[{"user_id":"3917a3a3-cc6a-4854-b844-c0a9c7b7e88f","first_name":"string","last_name":"string","phone_number":"string","company_id":"5e47d37c-9a46-4d8a-8a09-7bb92eef7e07"}]}}
{"time":"2025-03-29T21:34:32.068457458+05:00","level":"INFO","msg":"list salaries to worker","result":{"salaries":[{"user_id":"3917a3a3-cc6a-4854-b844-c0a9c7b7e88f","first_name":"string","last_name":"string","phone_number":"string","company_id":"5e47d37c-9a46-4d8a-8a09-7bb92eef7e07"},{"user_id":"f64735e3-9c0a-4ddd-aa3d-3e5e44175ce9","first_name":"ndev","last_name":"ndev@gmail.com","phone_number":"ndev","company_id":"5e47d37c-9a46-4d8a-8a09-7bb92eef7e07"}]}}
{"time":"2025-03-29T21:34:57.35615+05:00","level":"ERROR","msg":"Error in list salaries to worker","error":"ListSalaries: pq: for SELECT DISTINCT, ORDER BY expressions must appear in select list"}
{"time":"2025-03-29T21:37:35.885354657+05:00","level":"INFO","msg":"list salaries to worker","result":{"salaries":[{"user_id":"3917a3a3-cc6a-4854-b844-c0a9c7b7e88f","first_name":"string","last_name":"string","phone_number":"string","company_id":"5e47d37c-9a46-4d8a-8a09-7bb92eef7e07"},{"user_id":"f64735e3-9c0a-4ddd-aa3d-3e5e44175ce9","first_name":"ndev","last_name":"ndev@gmail.com","phone_number":"ndev","company_id":"5e47d37c-9a46-4d8a-8a09-7bb92eef7e07"}]}}
{"time":"2025-03-29T21:37:46.684751598+05:00","level":"INFO","msg":"list salaries to worker","result":{"salaries":[{"user_id":"3917a3a3-cc6a-4854-b844-c0a9c7b7e88f","first_name":"string","last_name":"string","phone_number":"string","company_id":"5e47d37c-9a46-4d8a-8a09-7bb92eef7e07"},{"user_id":"f64735e3-9c0a-4ddd-aa3d-3e5e44175ce9","first_name":"ndev","last_name":"ndev@gmail.com","phone_number":"ndev","company_id":"5e47d37c-9a46-4d8a-8a09-7bb92eef7e07"}]}}
{"time":"2025-03-29T21:38:53.436940711+05:00","level":"INFO","msg":"list salaries to worker","result":{"salaries":[{"user_id":"3917a3a3-cc6a-4854-b844-c0a9c7b7e88f","first_name":"string","last_name":"string","phone_number":"string","company_id":"5e47d37c-9a46-4d8a-8a09-7bb92eef7e07"}]}}
{"time":"2025-03-31T21:56:05.117509028+05:00","level":"INFO","msg":"Login successful","user_id":"8754acb1-6060-4d62-9132-d908a1b4db5e"}
{"time":"2025-03-31T21:56:23.0016918+05:00","level":"INFO","msg":"GetClientList called","filters":{"type":"client","client_type":"client","company_id":"76158036-abe3-4635-8087-0eb2bbc864fd"}}
{"time":"2025-03-31T21:56:24.316756056+05:00","level":"INFO","msg":"Client list retrieved successfully","count":1}
{"time":"2025-03-31T21:59:42.106769546+05:00","level":"INFO","msg":"GetClientList called","filters":{"type":"supplier","client_type":"client","company_id":"76158036-abe3-4635-8087-0eb2bbc864fd"}}
{"time":"2025-03-31T21:59:42.960456293+05:00","level":"INFO","msg":"Client list retrieved successfully","count":0}
{"time":"2025-04-01T19:57:46.647192195+05:00","level":"INFO","msg":"get adjustment by id to worker","result":{"adjustment_id":"38ed2ac7-f43d-4fad-8c63-78134a121dbe","user_id":"8754acb1-6060-4d62-9132-d908a1b4db5e","first_name":"string","last_name":"string","phone_number":"string","adjustment_type":"bonus","currency_code":"UZS","amount":100000,"adjustment_date":"2025-05-01T00:00:00Z","is_active":"true","created_at":"2025-04-01 03:45:00","updated_at":"2025-04-01 06:53:00","company_id":"76158036-abe3-4635-8087-0eb2bbc864fd"}}
